// Jest Snapshot v1, https://goo.gl/fbAQLP

exports[`button should return a blue button 1`] = `
<View
  accessibilityState={
    {
      "busy": undefined,
      "checked": undefined,
      "disabled": undefined,
      "expanded": undefined,
      "selected": undefined,
    }
  }
  accessibilityValue={
    {
      "max": undefined,
      "min": undefined,
      "now": undefined,
      "text": undefined,
    }
  }
  accessible={true}
  collapsable={false}
  focusable={false}
  onClick={[Function]}
  onResponderGrant={[Function]}
  onResponderMove={[Function]}
  onResponderRelease={[Function]}
  onResponderTerminate={[Function]}
  onResponderTerminationRequest={[Function]}
  onStartShouldSetResponder={[Function]}
  style={
    {
      "opacity": 1,
    }
  }
>
  <View
    style={
      [
        {
          "alignItems": "center",
          "backgroundColor": "#334ffa",
          "borderRadius": 10,
          "height": 50,
          "justifyContent": "center",
        },
      ]
    }
    testID="primary-button"
  >
    <Text
      style={
        [
          {
            "color": "#ffffff",
            "fontSize": 16,
            "fontWeight": "800",
            "lineHeight": 21.86,
          },
        ]
      }
    >
      A.TITLE
    </Text>
  </View>
</View>
`;

exports[`button should return a snapshot of the component 1`] = `
<View
  accessibilityState={
    {
      "busy": undefined,
      "checked": undefined,
      "disabled": undefined,
      "expanded": undefined,
      "selected": undefined,
    }
  }
  accessibilityValue={
    {
      "max": undefined,
      "min": undefined,
      "now": undefined,
      "text": undefined,
    }
  }
  accessible={true}
  collapsable={false}
  focusable={false}
  onClick={[Function]}
  onResponderGrant={[Function]}
  onResponderMove={[Function]}
  onResponderRelease={[Function]}
  onResponderTerminate={[Function]}
  onResponderTerminationRequest={[Function]}
  onStartShouldSetResponder={[Function]}
  style={
    {
      "opacity": 1,
    }
  }
>
  <View
    style={
      [
        {
          "alignItems": "center",
          "backgroundColor": "#334ffa",
          "borderRadius": 10,
          "height": 50,
          "justifyContent": "center",
        },
      ]
    }
    testID="primary-button"
  >
    <Text
      style={
        [
          {
            "color": "#ffffff",
            "fontSize": 16,
            "fontWeight": "800",
            "lineHeight": 21.86,
          },
        ]
      }
    >
      A.TITLE
    </Text>
  </View>
</View>
`;
